  Determining projects to restore...
  All projects are up-to-date for restore.
  EQD2Viewer.Core -> C:\Users\ov019975\source\repos\ESAPI_EQD2Viewer\EQD2Viewer.Core\bin\Debug\net48\EQD2Viewer.Core.dll
  EQD2Viewer.Stubs -> C:\Users\ov019975\source\repos\ESAPI_EQD2Viewer\EQD2Viewer.Stubs\bin\Debug\net48\EQD2Viewer.Stubs.dll
  EQD2Viewer.Services -> C:\Users\ov019975\source\repos\ESAPI_EQD2Viewer\EQD2Viewer.Services\bin\Debug\net48\EQD2Viewer.Services.dll
  EQD2Viewer.Fixtures -> C:\Users\ov019975\source\repos\ESAPI_EQD2Viewer\EQD2Viewer.Fixtures\bin\Debug\net48\EQD2Viewer.Fixtures.dll
  EQD2Viewer.App -> C:\Users\ov019975\source\repos\ESAPI_EQD2Viewer\EQD2Viewer.App\bin\Debug\net48\EQD2Viewer.App.dll
  [ESAPI Build] Removed stale Stubs reference - using real ESAPI DLLs
  EQD2Viewer.Esapi -> C:\Users\ov019975\source\repos\ESAPI_EQD2Viewer\EQD2Viewer.Esapi\bin\Debug\EQD2Viewer.App.esapi.dll
  EQD2Viewer.DevRunner -> C:\Users\ov019975\source\repos\ESAPI_EQD2Viewer\EQD2Viewer.DevRunner\bin\x64\Debug\net48\EQD2Viewer.DevRunner.exe
  EQD2Viewer.FixtureGenerator -> C:\Users\ov019975\source\repos\ESAPI_EQD2Viewer\EQD2Viewer.FixtureGenerator\bin\Debug\EQD2Viewer.FixtureGenerator.esapi.dll
  EQD2Viewer.Tests -> C:\Users\ov019975\source\repos\ESAPI_EQD2Viewer\EQD2Viewer.Tests\bin\Debug\net48\EQD2Viewer.Tests.dll

Build succeeded.
    0 Warning(s)
    0 Error(s)

Time Elapsed 00:00:01.44

